
ADITI@LAPTOP-Q6QMBSRH MINGW64 ~/Assignments (master)
$ ls
 README.txt  'local vcs.txt'

ADITI@LAPTOP-Q6QMBSRH MINGW64 ~/Assignments (master)
$ git commit -m "committing README text file"
On branch master
Changes not staged for commit:
  (use "git add <file>..." to update what will be committed)
  (use "git restore <file>..." to discard changes in working directory)
        modified:   README.txt

Untracked files:
  (use "git add <file>..." to include in what will be committed)
        local vcs.txt

no changes added to commit (use "git add" and/or "git commit -a")

ADITI@LAPTOP-Q6QMBSRH MINGW64 ~/Assignments (master)
$ git status
On branch master
Changes not staged for commit:
  (use "git add <file>..." to update what will be committed)
  (use "git restore <file>..." to discard changes in working directory)
        modified:   README.txt

Untracked files:
  (use "git add <file>..." to include in what will be committed)
        local vcs.txt

no changes added to commit (use "git add" and/or "git commit -a")

ADITI@LAPTOP-Q6QMBSRH MINGW64 ~/Assignments (master)
$ git log
commit 6c5fb762efa9054c906fc93c2fcdfc3dee08c69f (HEAD -> master)
Author: AditiRMahajan <adimahajan258@gmail.com>
Date:   Fri Mar 12 18:48:25 2021 +0530

    created README text file

ADITI@LAPTOP-Q6QMBSRH MINGW64 ~/Assignments (master)
$ git push
fatal: No configured push destination.
Either specify the URL from the command-line or configure a remote repository using

    git remote add <name> <url>

and then push using the remote name

    git push <name>


ADITI@LAPTOP-Q6QMBSRH MINGW64 ~/Assignments (master)
$ git remote add Assignments https://github.com/AditiRMahajan/freshersbatch-march21.git

ADITI@LAPTOP-Q6QMBSRH MINGW64 ~/Assignments (master)
$ git remote add origin https://github.com/AditiRMahajan/freshersbatch-march21.git 
ADITI@LAPTOP-Q6QMBSRH MINGW64 ~/Assignments (master)
$ git remote add Assignments https://github.com/AditiRMahajan/freshersbatch-march21.git
error: remote Assignments already exists.

ADITI@LAPTOP-Q6QMBSRH MINGW64 ~/Assignments (master)
$ git branch -M main

ADITI@LAPTOP-Q6QMBSRH MINGW64 ~/Assignments (main)
$ git push -u Assignments main
Enumerating objects: 3, done.
Counting objects: 100% (3/3), done.
Writing objects: 100% (3/3), 277 bytes | 92.00 KiB/s, done.
Total 3 (delta 0), reused 0 (delta 0), pack-reused 0
To https://github.com/AditiRMahajan/freshersbatch-march21.git
 * [new branch]      main -> main
Branch 'main' set up to track remote branch 'main' from 'Assignments'.

ADITI@LAPTOP-Q6QMBSRH MINGW64 ~/Assignments (main)
$ git remote add README.txt https://github.com/AditiRMahajan/freshersbatch-march21.git

ADITI@LAPTOP-Q6QMBSRH MINGW64 ~/Assignments (main)
$ git branch -M main

ADITI@LAPTOP-Q6QMBSRH MINGW64 ~/Assignments (main)
$ git push -u README.txt main
Everything up-to-date
Branch 'main' set up to track remote branch 'main' from 'README.txt'.

ADITI@LAPTOP-Q6QMBSRH MINGW64 ~/Assignments (main)
$
